Archive member included to satisfy reference by file (symbol)

c:/program files (x86)/gnu tools arm embedded/5.3 2016q1/bin/../lib/gcc/arm-none-eabi/5.3.1/../../../../arm-none-eabi/lib/armv7-m\libc.a(lib_a-impure.o)
                              ..\obj\printf.o (_impure_ptr)
c:/program files (x86)/gnu tools arm embedded/5.3 2016q1/bin/../lib/gcc/arm-none-eabi/5.3.1/../../../../arm-none-eabi/lib/armv7-m\libc.a(lib_a-malloc.o)
                              ..\obj\usbd_conf.o (free)
c:/program files (x86)/gnu tools arm embedded/5.3 2016q1/bin/../lib/gcc/arm-none-eabi/5.3.1/../../../../arm-none-eabi/lib/armv7-m\libc.a(lib_a-mallocr.o)
                              c:/program files (x86)/gnu tools arm embedded/5.3 2016q1/bin/../lib/gcc/arm-none-eabi/5.3.1/../../../../arm-none-eabi/lib/armv7-m\libc.a(lib_a-malloc.o) (_malloc_r)
c:/program files (x86)/gnu tools arm embedded/5.3 2016q1/bin/../lib/gcc/arm-none-eabi/5.3.1/../../../../arm-none-eabi/lib/armv7-m\libc.a(lib_a-mlock.o)
                              c:/program files (x86)/gnu tools arm embedded/5.3 2016q1/bin/../lib/gcc/arm-none-eabi/5.3.1/../../../../arm-none-eabi/lib/armv7-m\libc.a(lib_a-mallocr.o) (__malloc_lock)
c:/program files (x86)/gnu tools arm embedded/5.3 2016q1/bin/../lib/gcc/arm-none-eabi/5.3.1/../../../../arm-none-eabi/lib/armv7-m\libc.a(lib_a-sbrkr.o)
                              c:/program files (x86)/gnu tools arm embedded/5.3 2016q1/bin/../lib/gcc/arm-none-eabi/5.3.1/../../../../arm-none-eabi/lib/armv7-m\libc.a(lib_a-mallocr.o) (_sbrk_r)
c:/program files (x86)/gnu tools arm embedded/5.3 2016q1/bin/../lib/gcc/arm-none-eabi/5.3.1/../../../../arm-none-eabi/lib/armv7-m\libc.a(lib_a-freer.o)
                              c:/program files (x86)/gnu tools arm embedded/5.3 2016q1/bin/../lib/gcc/arm-none-eabi/5.3.1/../../../../arm-none-eabi/lib/armv7-m\libc.a(lib_a-malloc.o) (_free_r)
c:/program files (x86)/gnu tools arm embedded/5.3 2016q1/bin/../lib/gcc/arm-none-eabi/5.3.1/../../../../arm-none-eabi/lib/armv7-m\libc.a(lib_a-reent.o)
                              c:/program files (x86)/gnu tools arm embedded/5.3 2016q1/bin/../lib/gcc/arm-none-eabi/5.3.1/../../../../arm-none-eabi/lib/armv7-m\libc.a(lib_a-sbrkr.o) (errno)

Allocating common symbols
Common symbol       size              file

hUsbDeviceFS        0x224             ..\obj\usb_device.o
hUsbDevice_0        0x4               ..\obj\usbd_cdc_if.o
errno               0x4               c:/program files (x86)/gnu tools arm embedded/5.3 2016q1/bin/../lib/gcc/arm-none-eabi/5.3.1/../../../../arm-none-eabi/lib/armv7-m\libc.a(lib_a-reent.o)
pFlash              0x20              ..\obj\stm32f1xx_hal_flash.o
UserRxBufferFS      0x80              ..\obj\usbd_cdc_if.o
huart1              0x44              ..\obj\uart.o
UserTxBufferFS      0x80              ..\obj\usbd_cdc_if.o
hpcd_USB_FS         0x420             ..\obj\usbd_conf.o
USBD_StrDesc        0x200             ..\obj\usbd_desc.o

Discarded input sections

 .text          0x00000000        0x0 ..\obj\stm32f1xx_hal_rcc_ex.o
 .data          0x00000000        0x0 ..\obj\stm32f1xx_hal_rcc_ex.o
 .bss           0x00000000        0x0 ..\obj\stm32f1xx_hal_rcc_ex.o
 .text.HAL_RCCEx_GetPeriphCLKConfig
                0x00000000       0x60 ..\obj\stm32f1xx_hal_rcc_ex.o
 .rodata        0x00000000       0x12 ..\obj\stm32f1xx_hal_rcc_ex.o
 .text.HAL_RCCEx_GetPeriphCLKFreq
                0x00000000      0x1c8 ..\obj\stm32f1xx_hal_rcc_ex.o
 .text          0x00000000        0x0 ..\obj\semihosting.o
 .data          0x00000000        0x0 ..\obj\semihosting.o
 .bss           0x00000000       0x81 ..\obj\semihosting.o
 .text.SH_SendChar
                0x00000000       0x64 ..\obj\semihosting.o
 .text.SH_SendString
                0x00000000       0x20 ..\obj\semihosting.o
 .text.SH_GetChar
                0x00000000       0x40 ..\obj\semihosting.o
 .debug_info    0x00000000      0x13f ..\obj\semihosting.o
 .debug_abbrev  0x00000000       0xab ..\obj\semihosting.o
 .debug_aranges
                0x00000000       0x30 ..\obj\semihosting.o
 .debug_ranges  0x00000000       0x20 ..\obj\semihosting.o
 .debug_line    0x00000000      0x16d ..\obj\semihosting.o
 .debug_str     0x00000000      0x19c ..\obj\semihosting.o
 .comment       0x00000000       0x6f ..\obj\semihosting.o
 .debug_frame   0x00000000       0x7c ..\obj\semihosting.o
 .ARM.attributes
                0x00000000       0x33 ..\obj\semihosting.o
 .text          0x00000000        0x0 ..\obj\stm32f1xx_hal_pwr.o
 .data          0x00000000        0x0 ..\obj\stm32f1xx_hal_pwr.o
 .bss           0x00000000        0x0 ..\obj\stm32f1xx_hal_pwr.o
 .text.PWR_OverloadWfe
                0x00000000       0x10 ..\obj\stm32f1xx_hal_pwr.o
 .text.HAL_PWR_DeInit
                0x00000000       0x28 ..\obj\stm32f1xx_hal_pwr.o
 .text.HAL_PWR_EnableBkUpAccess
                0x00000000       0x34 ..\obj\stm32f1xx_hal_pwr.o
 .text.HAL_PWR_DisableBkUpAccess
                0x00000000       0x34 ..\obj\stm32f1xx_hal_pwr.o
[...]
Memory Configuration

Name             Origin             Length             Attributes
rom              0x08000000         0x00020000         xr
ram              0x20000000         0x00005000         xrw
*default*        0x00000000         0xffffffff

Linker script and memory map

                0x20005000                _eram = 0x20005000

.text           0x08000000     0x5fdc
 *(.isr_vector)
 .isr_vector    0x08000000      0x10c ..\obj\startup_stm32f103xb.o
                0x08000000                g_pfnVectors
 *(.text*)
 .text.HAL_RCCEx_PeriphCLKConfig
                0x0800010c      0x1e0 ..\obj\stm32f1xx_hal_rcc_ex.o
                0x0800010c                HAL_RCCEx_PeriphCLKConfig
 .text.HAL_Init
                0x080002ec       0x2c ..\obj\stm32f1xx_hal.o
                0x080002ec                HAL_Init
 .text.HAL_InitTick
                0x08000318       0x38 ..\obj\stm32f1xx_hal.o
                0x08000318                HAL_InitTick
 .text.HAL_IncTick
                0x08000350       0x1c ..\obj\stm32f1xx_hal.o
                0x08000350                HAL_IncTick
 .text.HAL_GetTick
                0x0800036c       0x14 ..\obj\stm32f1xx_hal.o
                0x0800036c                HAL_GetTick
 .text.HAL_Delay
                0x08000380       0x2c ..\obj\stm32f1xx_hal.o
                0x08000380                HAL_Delay
 .text.NMI_Handler
                0x080003ac        0xc ..\obj\stm32f1xx_it.o
                0x080003ac                NMI_Handler
 .text.MemManage_Handler
                0x080003b8        0x8 ..\obj\stm32f1xx_it.o
                0x080003b8                MemManage_Handler
 .text.BusFault_Handler
                0x080003c0        0x8 ..\obj\stm32f1xx_it.o
                0x080003c0                BusFault_Handler
 .text.UsageFault_Handler
                0x080003c8        0x8 ..\obj\stm32f1xx_it.o
                0x080003c8                UsageFault_Handler
 .text.DebugMon_Handler
                0x080003d0        0x8 ..\obj\stm32f1xx_it.o
                0x080003d0                DebugMon_Handler
 .text.SysTick_Handler
                0x080003d8       0x10 ..\obj\stm32f1xx_it.o
                0x080003d8                SysTick_Handler
 .text.USB_LP_CAN1_RX0_IRQHandler
                0x080003e8       0x14 ..\obj\stm32f1xx_it.o
                0x080003e8                USB_LP_CAN1_RX0_IRQHandler
 .text.USART1_IRQHandler
                0x080003fc       0x14 ..\obj\stm32f1xx_it.o
                0x080003fc                USART1_IRQHandler
 .text.NVIC_SetPriorityGrouping
                0x08000410       0x48 ..\obj\stm32f1xx_hal_cortex.o
 .text.NVIC_GetPriorityGrouping
                0x08000458       0x1c ..\obj\stm32f1xx_hal_cortex.o
 .text.NVIC_SetPriority
                0x08000474       0x54 ..\obj\stm32f1xx_hal_cortex.o
 .text.NVIC_EncodePriority
                0x080004c8       0x60 ..\obj\stm32f1xx_hal_cortex.o
 .text.SysTick_Config
                0x08000528       0x44 ..\obj\stm32f1xx_hal_cortex.o
 .text.HAL_NVIC_SetPriorityGrouping
                0x0800056c       0x18 ..\obj\stm32f1xx_hal_cortex.o
                0x0800056c                HAL_NVIC_SetPriorityGrouping
 .text.HAL_NVIC_SetPriority
                0x08000584       0x38 ..\obj\stm32f1xx_hal_cortex.o
                0x08000584                HAL_NVIC_SetPriority
 .text.HAL_SYSTICK_Config
                0x080005bc       0x18 ..\obj\stm32f1xx_hal_cortex.o
                0x080005bc                HAL_SYSTICK_Config
 .text.HAL_SYSTICK_CLKSourceConfig
                0x080005d4       0x38 ..\obj\stm32f1xx_hal_cortex.o
                0x080005d4                HAL_SYSTICK_CLKSourceConfig
 .text.HAL_SYSTICK_IRQHandler
                0x0800060c        0xc ..\obj\stm32f1xx_hal_cortex.o
                0x0800060c                HAL_SYSTICK_IRQHandler
 .text.HAL_SYSTICK_Callback
                0x08000618        0xc ..\obj\stm32f1xx_hal_cortex.o
                0x08000618                HAL_SYSTICK_Callback
 .text.SystemInit
                0x08000624       0x68 ..\obj\system_stm32f1xx.o
                0x08000624                SystemInit
 .text.HAL_RCC_OscConfig
                0x0800068c     0x1028 ..\obj\stm32f1xx_hal_rcc.o
                0x0800068c                HAL_RCC_OscConfig
 .text.HAL_RCC_ClockConfig
                0x080016b4      0x5dc ..\obj\stm32f1xx_hal_rcc.o
                0x080016b4                HAL_RCC_ClockConfig
 .text.HAL_RCC_MCOConfig
                0x08001c90       0x70 ..\obj\stm32f1xx_hal_rcc.o
                0x08001c90                HAL_RCC_MCOConfig
 .text.HAL_RCC_GetSysClockFreq
                0x08001d00       0xf4 ..\obj\stm32f1xx_hal_rcc.o
                0x08001d00                HAL_RCC_GetSysClockFreq
 .text.HAL_RCC_GetHCLKFreq
                0x08001df4       0x50 ..\obj\stm32f1xx_hal_rcc.o
                0x08001df4                HAL_RCC_GetHCLKFreq
 .text.HAL_RCC_GetPCLK1Freq
                0x08001e44       0x44 ..\obj\stm32f1xx_hal_rcc.o
                0x08001e44                HAL_RCC_GetPCLK1Freq
 .text.HAL_RCC_GetPCLK2Freq
                0x08001e88       0x44 ..\obj\stm32f1xx_hal_rcc.o
                0x08001e88                HAL_RCC_GetPCLK2Freq
 .text.UART_Init
                0x08001ecc       0x3c ..\obj\uart.o
                0x08001ecc                UART_Init
 .text.UART_SendChar
                0x08001f08       0x24 ..\obj\uart.o
                0x08001f08                UART_SendChar
 .text.HAL_PCD_IRQHandler
                0x08001f2c      0x1f0 ..\obj\stm32f1xx_hal_pcd.o
                0x08001f2c                HAL_PCD_IRQHandler
 .text.HAL_PCD_SetAddress
                0x0800211c       0x4c ..\obj\stm32f1xx_hal_pcd.o
                0x0800211c                HAL_PCD_SetAddress
 .text.HAL_PCD_EP_Open
                0x08002168       0xac ..\obj\stm32f1xx_hal_pcd.o
                0x08002168                HAL_PCD_EP_Open
 .text.HAL_PCD_EP_Receive
                0x08002214       0x98 ..\obj\stm32f1xx_hal_pcd.o
                0x08002214                HAL_PCD_EP_Receive
 .text.HAL_PCD_EP_Transmit
                0x080022ac       0x94 ..\obj\stm32f1xx_hal_pcd.o
                0x080022ac                HAL_PCD_EP_Transmit
 .text.HAL_PCD_EP_SetStall
                0x08002340       0xac ..\obj\stm32f1xx_hal_pcd.o
                0x08002340                HAL_PCD_EP_SetStall
 .text.HAL_PCD_EP_ClrStall
                0x080023ec       0x90 ..\obj\stm32f1xx_hal_pcd.o
                0x080023ec                HAL_PCD_EP_ClrStall
 .text.PCD_EP_ISR_Handler
                0x0800247c      0x65c ..\obj\stm32f1xx_hal_pcd.o
 .text.USBD_RunTestMode
                0x08002ad8       0x14 ..\obj\usbd_core.o
                0x08002ad8                USBD_RunTestMode
 .text.USBD_SetClassConfig
                0x08002aec       0x40 ..\obj\usbd_core.o
                0x08002aec                USBD_SetClassConfig
 .text.USBD_ClrClassConfig
                0x08002b2c       0x28 ..\obj\usbd_core.o
                0x08002b2c                USBD_ClrClassConfig
 .text.USBD_LL_SetupStage
                0x08002b54       0x94 ..\obj\usbd_core.o
                0x08002b54                USBD_LL_SetupStage
 .text.USBD_LL_DataOutStage
                0x08002be8       0xb8 ..\obj\usbd_core.o
                0x08002be8                USBD_LL_DataOutStage
 .text.USBD_LL_DataInStage
                0x08002ca0      0x120 ..\obj\usbd_core.o
                0x08002ca0                USBD_LL_DataInStage
 .text.USBD_LL_Reset
                0x08002dc0       0x60 ..\obj\usbd_core.o
                0x08002dc0                USBD_LL_Reset
 .text.USBD_LL_SetSpeed
                0x08002e20       0x20 ..\obj\usbd_core.o
                0x08002e20                USBD_LL_SetSpeed
 .text.USBD_LL_Suspend
                0x08002e40       0x28 ..\obj\usbd_core.o
                0x08002e40                USBD_LL_Suspend
 .text.USBD_LL_Resume
                0x08002e68       0x20 ..\obj\usbd_core.o
                0x08002e68                USBD_LL_Resume
 .text.USBD_LL_SOF
                0x08002e88       0x34 ..\obj\usbd_core.o
                0x08002e88                USBD_LL_SOF
 .text.main     0x08002ebc       0x58 ..\obj\main.o
                0x08002ebc                main
 .text.SystemClock_Config
                0x08002f14       0xa0 ..\obj\main.o
                0x08002f14                SystemClock_Config
 .text.MX_GPIO_Init
                0x08002fb4       0xa8 ..\obj\main.o
 .text.Reset_Handler
                0x0800305c       0x44 ..\obj\startup_stm32f103xb.o
                0x0800305c                Reset_Handler
 .text.Default_Handler
                0x080030a0        0x2 ..\obj\startup_stm32f103xb.o
                0x080030a0                RTC_Alarm_IRQHandler
                0x080030a0                EXTI2_IRQHandler
                0x080030a0                TIM1_CC_IRQHandler
                0x080030a0                PVD_IRQHandler
                0x080030a0                PendSV_Handler
                0x080030a0                EXTI3_IRQHandler
                0x080030a0                EXTI0_IRQHandler
                0x080030a0                I2C2_EV_IRQHandler
                0x080030a0                ADC1_2_IRQHandler
                0x080030a0                SPI1_IRQHandler
                0x080030a0                TAMPER_IRQHandler
                0x080030a0                DMA1_Channel4_IRQHandler
                0x080030a0                USART3_IRQHandler
                0x080030a0                RTC_IRQHandler
                0x080030a0                DMA1_Channel7_IRQHandler
                0x080030a0                CAN1_RX1_IRQHandler
                0x080030a0                TIM4_IRQHandler
                0x080030a0                I2C1_EV_IRQHandler
                0x080030a0                DMA1_Channel6_IRQHandler
                0x080030a0                TIM3_IRQHandler
                0x080030a0                RCC_IRQHandler
                0x080030a0                TIM1_TRG_COM_IRQHandler
                0x080030a0                DMA1_Channel1_IRQHandler
                0x080030a0                Default_Handler
                0x080030a0                EXTI15_10_IRQHandler
                0x080030a0                EXTI9_5_IRQHandler
                0x080030a0                SPI2_IRQHandler
                0x080030a0                SVC_Handler
                0x080030a0                DMA1_Channel5_IRQHandler
                0x080030a0                EXTI4_IRQHandler
                0x080030a0                USB_HP_CAN1_TX_IRQHandler
                0x080030a0                DMA1_Channel3_IRQHandler
                0x080030a0                TIM1_UP_IRQHandler
                0x080030a0                WWDG_IRQHandler
                0x080030a0                TIM2_IRQHandler
                0x080030a0                TIM1_BRK_IRQHandler
                0x080030a0                EXTI1_IRQHandler
                0x080030a0                USART2_IRQHandler
                0x080030a0                I2C2_ER_IRQHandler
                0x080030a0                DMA1_Channel2_IRQHandler
                0x080030a0                CAN1_SCE_IRQHandler
                0x080030a0                FLASH_IRQHandler
                0x080030a0                I2C1_ER_IRQHandler
                0x080030a0                USBWakeUp_IRQHandler
 *fill*         0x080030a2        0x2 
 .text.HAL_USART_Init
                0x080030a4       0x84 ..\obj\stm32f1xx_hal_usart.o
                0x080030a4                HAL_USART_Init
 .text.HAL_USART_Transmit
                0x08003128      0x11c ..\obj\stm32f1xx_hal_usart.o
                0x08003128                HAL_USART_Transmit
 .text.HAL_USART_IRQHandler
                0x08003244      0x1d4 ..\obj\stm32f1xx_hal_usart.o
                0x08003244                HAL_USART_IRQHandler
 .text.HAL_USART_TxCpltCallback
                0x08003418       0x14 ..\obj\stm32f1xx_hal_usart.o
                0x08003418                HAL_USART_TxCpltCallback
 .text.HAL_USART_RxCpltCallback
                0x0800342c       0x14 ..\obj\stm32f1xx_hal_usart.o
                0x0800342c                HAL_USART_RxCpltCallback
 .text.HAL_USART_TxRxCpltCallback
                0x08003440       0x14 ..\obj\stm32f1xx_hal_usart.o
                0x08003440                HAL_USART_TxRxCpltCallback
 .text.HAL_USART_ErrorCallback
                0x08003454       0x14 ..\obj\stm32f1xx_hal_usart.o
                0x08003454                HAL_USART_ErrorCallback
 .text.USART_WaitOnFlagUntilTimeout
                0x08003468      0x134 ..\obj\stm32f1xx_hal_usart.o
 .text.USART_Transmit_IT
                0x0800359c       0xac ..\obj\stm32f1xx_hal_usart.o
 .text.USART_EndTransmit_IT
                0x08003648       0x40 ..\obj\stm32f1xx_hal_usart.o
 .text.USART_Receive_IT
                0x08003688      0x138 ..\obj\stm32f1xx_hal_usart.o
 .text.USART_TransmitReceive_IT
                0x080037c0      0x1b4 ..\obj\stm32f1xx_hal_usart.o
 .text.USART_SetConfig
                0x08003974      0x198 ..\obj\stm32f1xx_hal_usart.o
 .text.USB_ActivateEndpoint
                0x08003b0c      0x590 ..\obj\stm32f1xx_ll_usb.o
                0x08003b0c                USB_ActivateEndpoint
 .text.USB_EPStartXfer
                0x0800409c      0x51c ..\obj\stm32f1xx_ll_usb.o
                0x0800409c                USB_EPStartXfer
 .text.USB_EPSetStall
                0x080045b8       0xc0 ..\obj\stm32f1xx_ll_usb.o
                0x080045b8                USB_EPSetStall
 .text.USB_EPClearStall
                0x08004678      0x114 ..\obj\stm32f1xx_ll_usb.o
                0x08004678                USB_EPClearStall
 .text.USB_SetDevAddress
                0x0800478c       0x28 ..\obj\stm32f1xx_ll_usb.o
                0x0800478c                USB_SetDevAddress
 .text.USB_ReadInterrupts
                0x080047b4       0x24 ..\obj\stm32f1xx_ll_usb.o
                0x080047b4                USB_ReadInterrupts
 .text.USB_EP0_OutStart
                0x080047d8       0x18 ..\obj\stm32f1xx_ll_usb.o
                0x080047d8                USB_EP0_OutStart
 .text.USB_WritePMA
                0x080047f0       0x8c ..\obj\stm32f1xx_ll_usb.o
                0x080047f0                USB_WritePMA
 .text.USB_ReadPMA
                0x0800487c       0x6c ..\obj\stm32f1xx_ll_usb.o
                0x0800487c                USB_ReadPMA
 .text.PrintChar
                0x080048e8       0x1c ..\obj\printf.o
                0x080048e8                PrintChar
 .text.PutChar  0x08004904       0x20 ..\obj\printf.o
                0x08004904                PutChar
 .text.PutString
                0x08004924       0x3c ..\obj\printf.o
                0x08004924                PutString
 .text.PutUnsignedInt
                0x08004960       0x9c ..\obj\printf.o
                0x08004960                PutUnsignedInt
 .text.PutSignedInt
                0x080049fc       0xf8 ..\obj\printf.o
                0x080049fc                PutSignedInt
 .text.PutHexa  0x08004af4       0xd4 ..\obj\printf.o
                0x08004af4                PutHexa
 .text.vsnprintf
                0x08004bc8      0x254 ..\obj\printf.o
                0x08004bc8                vsnprintf
 .text.vsprintf
                0x08004e1c       0x24 ..\obj\printf.o
                0x08004e1c                vsprintf
 .text.vfprintf
                0x08004e40       0x68 ..\obj\printf.o
                0x08004e40                vfprintf
 .text.vprintf  0x08004ea8       0x28 ..\obj\printf.o
                0x08004ea8                vprintf
 .text.printf   0x08004ed0       0x28 ..\obj\printf.o
                0x08004ed0                printf
 .text.fputc    0x08004ef8       0x40 ..\obj\printf.o
                0x08004ef8                fputc
 .text.fputs    0x08004f38       0x48 ..\obj\printf.o
                0x08004f38                fputs
 .text.HAL_GPIO_Init
                0x08004f80      0x2bc ..\obj\stm32f1xx_hal_gpio.o
                0x08004f80                HAL_GPIO_Init
 .text.HAL_GPIO_WritePin
                0x0800523c       0x30 ..\obj\stm32f1xx_hal_gpio.o
                0x0800523c                HAL_GPIO_WritePin
 .text.HAL_GPIO_TogglePin
                0x0800526c       0x24 ..\obj\stm32f1xx_hal_gpio.o
                0x0800526c                HAL_GPIO_TogglePin
 .text.HAL_PCD_SetupStageCallback
                0x08005290       0x24 ..\obj\usbd_conf.o
                0x08005290                HAL_PCD_SetupStageCallback
 .text.HAL_PCD_DataOutStageCallback
                0x080052b4       0x30 ..\obj\usbd_conf.o
                0x080052b4                HAL_PCD_DataOutStageCallback
 .text.HAL_PCD_DataInStageCallback
                0x080052e4       0x30 ..\obj\usbd_conf.o
                0x080052e4                HAL_PCD_DataInStageCallback
 .text.HAL_PCD_SOFCallback
                0x08005314       0x1c ..\obj\usbd_conf.o
                0x08005314                HAL_PCD_SOFCallback
 .text.HAL_PCD_ResetCallback
                0x08005330       0x44 ..\obj\usbd_conf.o
                0x08005330                HAL_PCD_ResetCallback
 .text.HAL_PCD_SuspendCallback
                0x08005374       0x34 ..\obj\usbd_conf.o
                0x08005374                HAL_PCD_SuspendCallback
 .text.HAL_PCD_ResumeCallback
                0x080053a8       0x1c ..\obj\usbd_conf.o
                0x080053a8                HAL_PCD_ResumeCallback
 .text.USBD_LL_OpenEP
                0x080053c4       0x34 ..\obj\usbd_conf.o
                0x080053c4                USBD_LL_OpenEP
 .text.USBD_LL_StallEP
                0x080053f8       0x28 ..\obj\usbd_conf.o
                0x080053f8                USBD_LL_StallEP
 .text.USBD_LL_ClearStallEP
                0x08005420       0x28 ..\obj\usbd_conf.o
                0x08005420                USBD_LL_ClearStallEP
 .text.USBD_LL_IsStallEP
                0x08005448       0x4c ..\obj\usbd_conf.o
                0x08005448                USBD_LL_IsStallEP
 .text.USBD_LL_SetUSBAddress
                0x08005494       0x28 ..\obj\usbd_conf.o
                0x08005494                USBD_LL_SetUSBAddress
 .text.USBD_LL_Transmit
                0x080054bc       0x30 ..\obj\usbd_conf.o
                0x080054bc                USBD_LL_Transmit
 .text.USBD_LL_PrepareReceive
                0x080054ec       0x30 ..\obj\usbd_conf.o
                0x080054ec                USBD_LL_PrepareReceive
 .text          0x0800551c       0x26 ..\obj\sh_cmd.o
                0x0800551c                SH_DoCommand
                0x0800552e                HardFault_Handler
 *fill*         0x08005542        0x2 
 .text.HAL_MspInit
                0x08005544       0x6c ..\obj\stm32f1xx_hal_msp.o
                0x08005544                HAL_MspInit
 .text.HAL_USART_MspInit
                0x080055b0       0x74 ..\obj\stm32f1xx_hal_msp.o
                0x080055b0                HAL_USART_MspInit
 .text.USB_Control_Init
                0x08005624       0x50 ..\obj\usb_ctrl.o
                0x08005624                USB_Control_Init
 .text.USB_Control_Enable
                0x08005674       0x18 ..\obj\usb_ctrl.o
                0x08005674                USB_Control_Enable
 .text.USB_Control_Disable
                0x0800568c       0x18 ..\obj\usb_ctrl.o
                0x0800568c                USB_Control_Disable
 .text.USBD_StdDevReq
                0x080056a4       0xa0 ..\obj\usbd_ctlreq.o
                0x080056a4                USBD_StdDevReq
 .text.USBD_StdItfReq
                0x08005744       0x68 ..\obj\usbd_ctlreq.o
                0x08005744                USBD_StdItfReq
 .text.USBD_StdEPReq
                0x080057ac      0x1b0 ..\obj\usbd_ctlreq.o
                0x080057ac                USBD_StdEPReq
 .text.USBD_GetDescriptor
                0x0800595c      0x1e8 ..\obj\usbd_ctlreq.o
 .text.USBD_SetAddress
                0x08005b44       0x7c ..\obj\usbd_ctlreq.o
 .text.USBD_SetConfig
                0x08005bc0      0x110 ..\obj\usbd_ctlreq.o
 .text.USBD_GetConfig
                0x08005cd0       0x64 ..\obj\usbd_ctlreq.o
 .text.USBD_GetStatus
                0x08005d34       0x54 ..\obj\usbd_ctlreq.o
 .text.USBD_SetFeature
                0x08005d88       0x38 ..\obj\usbd_ctlreq.o
 .text.USBD_ClrFeature
                0x08005dc0       0x50 ..\obj\usbd_ctlreq.o
 .text.USBD_ParseSetupRequest
                0x08005e10       0x78 ..\obj\usbd_ctlreq.o
                0x08005e10                USBD_ParseSetupRequest
 .text.USBD_CtlError
                0x08005e88       0x24 ..\obj\usbd_ctlreq.o
                0x08005e88                USBD_CtlError
 .text.USBD_CtlSendData
                0x08005eac       0x38 ..\obj\usbd_ioreq.o
                0x08005eac                USBD_CtlSendData
 .text.USBD_CtlContinueSendData
                0x08005ee4       0x24 ..\obj\usbd_ioreq.o
                0x08005ee4                USBD_CtlContinueSendData
 .text.USBD_CtlContinueRx
                0x08005f08       0x24 ..\obj\usbd_ioreq.o
                0x08005f08                USBD_CtlContinueRx
 .text.USBD_CtlSendStatus
                0x08005f2c       0x28 ..\obj\usbd_ioreq.o
                0x08005f2c                USBD_CtlSendStatus
 .text.USBD_CtlReceiveStatus
                0x08005f54       0x28 ..\obj\usbd_ioreq.o
                0x08005f54                USBD_CtlReceiveStatus
 *(.init)
 *(.fini)
 *crtbegin.o(.ctors)
 *crtbegin?.o(.ctors)
 *(EXCLUDE_FILE(*crtend.o *crtend?.o) .ctors)
 *(SORT(.ctors.*))
 *(.ctors)
 *crtbegin.o(.dtors)
 *crtbegin?.o(.dtors)
 *(EXCLUDE_FILE(*crtend.o *crtend?.o) .dtors)
 *(SORT(.dtors.*))
 *(.dtors)
 *(.rodata*)
 .rodata        0x08005f7c       0x22 ..\obj\stm32f1xx_hal_rcc.o
                0x08005f7c                aAPBAHBPrescTable
 *fill*         0x08005f9e        0x2 
 .rodata        0x08005fa0       0x12 ..\obj\main.o
 *fill*         0x08005fb2        0x2 
 .rodata        0x08005fb4       0x24 ..\obj\printf.o
 .rodata.str1.4
                0x08005fd8        0x4 c:/program files (x86)/gnu tools arm embedded/5.3 2016q1/bin/../lib/gcc/arm-none-eabi/5.3.1/../../../../arm-none-eabi/lib/armv7-m\libc.a(lib_a-impure.o)
                                  0x2 (size before relaxing)
 *(.eh_fram e*)

.glue_7         0x08005fdc        0x0
 .glue_7        0x08005fdc        0x0 linker stubs

.glue_7t        0x08005fdc        0x0
 .glue_7t       0x08005fdc        0x0 linker stubs

.vfp11_veneer   0x08005fdc        0x0
 .vfp11_veneer  0x08005fdc        0x0 linker stubs

.v4_bx          0x08005fdc        0x0
 .v4_bx         0x08005fdc        0x0 linker stubs

.iplt           0x08005fdc        0x0
 .iplt          0x08005fdc        0x0 ..\obj\stm32f1xx_hal_rcc_ex.o

.rel.dyn        0x08005fdc        0x0
 .rel.iplt      0x08005fdc        0x0 ..\obj\stm32f1xx_hal_rcc_ex.o

.ARM.extab
 *(.ARM.extab* .gnu.linkonce.armextab.*)
                0x08005fdc                __exidx_start = .

.ARM.exidx
 *(.ARM.exidx* .gnu.linkonce.armexidx.*)
                0x08005fdc                __exidx_end = .
                0x08005fdc                __etext = .
                0x08005fdc                _sidata = __etext

.data           0x20000000      0x434 load address 0x08005fdc
                0x20000000                __data_start__ = .
                0x20000000                _sdata = __data_start__
 *(vtable)
 *(.data*)
 .data          0x20000000        0x4 ..\obj\system_stm32f1xx.o
                0x20000000                SystemCoreClock
 *fill*         0x20000004        0x4 
 .data.impure_data
                0x20000008      0x428 c:/program files (x86)/gnu tools arm embedded/5.3 2016q1/bin/../lib/gcc/arm-none-eabi/5.3.1/../../../../arm-none-eabi/lib/armv7-m\libc.a(lib_a-impure.o)
 .data._impure_ptr
                0x20000430        0x4 c:/program files (x86)/gnu tools arm embedded/5.3 2016q1/bin/../lib/gcc/arm-none-eabi/5.3.1/../../../../arm-none-eabi/lib/armv7-m\libc.a(lib_a-impure.o)
                0x20000430                _impure_ptr
                0x20000434                . = ALIGN (0x4)
                [!provide]                PROVIDE (__preinit_array_start, .)
 *(.preinit_array)
                [!provide]                PROVIDE (__preinit_array_end, .)
                0x20000434                . = ALIGN (0x4)
                [!provide]                PROVIDE (__init_array_start, .)
 *(SORT(.init_array.*))
 *(.init_array)
                [!provide]                PROVIDE (__init_array_end, .)
                0x20000434                . = ALIGN (0x4)
                [!provide]                PROVIDE (__fini_array_start, .)
 *(SORT(.fini_array.*))
 *(.fini_array)
                [!provide]                PROVIDE (__fini_array_end, .)
 *(.jcr*)
                0x20000434                . = ALIGN (0x4)
                0x20000434                __data_end__ = .
                0x20000434                _edata = __data_end__

.igot.plt       0x20000434        0x0 load address 0x08006410
 .igot.plt      0x20000434        0x0 ..\obj\stm32f1xx_hal_rcc_ex.o

.bss            0x20000434      0x46c load address 0x08006410
                0x20000434                . = ALIGN (0x4)
                0x20000434                __bss_start__ = .
                0x20000434                _sbss = __bss_start__
 *(.bss*)
 .bss           0x20000434        0x4 ..\obj\stm32f1xx_hal.o
 .bss           0x20000438        0x1 ..\obj\usbd_ctlreq.o
 *(COMMON)
 *fill*         0x20000439        0x3 
 COMMON         0x2000043c       0x44 ..\obj\uart.o
                0x2000043c                huart1
 COMMON         0x20000480      0x420 ..\obj\usbd_conf.o
                0x20000480                hpcd_USB_FS
                0x200008a0                . = ALIGN (0x4)
                0x200008a0                __bss_end__ = .
                0x200008a0                _ebss = __bss_end__

.heap           0x200008a0        0x0
                0x200008a0                __end__ = .
                0x200008a0                _end = __end__
                0x200008a0                end = __end__
 *(.heap*)
                0x200008a0                __HeapLimit = .

.co_stack       0x200008a0        0x0
                0x200008a0                . = ALIGN (0x8)
 *(.co_stack .co_stack.*)
                0x20005000                __StackTop = (ORIGIN (ram) + LENGTH (ram))
                0x20005000                __StackLimit = (__StackTop - SIZEOF (.co_stack))
                [!provide]                PROVIDE (__stack, __StackTop)
                0x00000001                ASSERT ((__StackLimit >= __HeapLimit), region ram  overflowed with stack)
LOAD ..\obj\stm32f1xx_hal_rcc_ex.o
LOAD ..\obj\semihosting.o
LOAD ..\obj\stm32f1xx_hal_pwr.o
LOAD ..\obj\stm32f1xx_hal_can.o
LOAD ..\obj\stm32f1xx_hal.o
LOAD ..\obj\stm32f1xx_it.o
LOAD ..\obj\stm32f1xx_hal_dac.o
LOAD ..\obj\stm32f1xx_hal_gpio_ex.o
LOAD ..\obj\stm32f1xx_hal_wwdg.o
LOAD ..\obj\stm32f1xx_hal_cortex.o
LOAD ..\obj\stm32f1xx_hal_crc.o
LOAD ..\obj\stm32f1xx_hal_iwdg.o
LOAD ..\obj\system_stm32f1xx.o
LOAD ..\obj\stm32f1xx_hal_rcc.o
LOAD ..\obj\uart.o
LOAD ..\obj\stm32f1xx_hal_dac_ex.o
LOAD ..\obj\stm32f1xx_hal_adc.o
LOAD ..\obj\stm32f1xx_hal_i2s.o
LOAD ..\obj\stm32f1xx_hal_smartcard.o
LOAD ..\obj\stm32f1xx_hal_pcd.o
LOAD ..\obj\stm32f1xx_hal_uart.o
LOAD ..\obj\usbd_core.o
LOAD ..\obj\main.o
LOAD ..\obj\startup_stm32f103xb.o
LOAD ..\obj\stm32f1xx_hal_usart.o
LOAD ..\obj\stm32f1xx_hal_nor.o
LOAD ..\obj\stm32f1xx_ll_usb.o
LOAD ..\obj\printf.o
LOAD ..\obj\stm32f1xx_hal_spi_ex.o
LOAD ..\obj\stm32f1xx_hal_cec.o
LOAD ..\obj\stm32f1xx_hal_hcd.o
LOAD ..\obj\stm32f1xx_hal_flash.o
LOAD ..\obj\stm32f1xx_hal_gpio.o
LOAD ..\obj\stm32f1xx_hal_dma.o
LOAD ..\obj\usbd_desc.o
LOAD ..\obj\usbd_conf.o
LOAD ..\obj\stm32f1xx_hal_adc_ex.o
LOAD ..\obj\stm32f1xx_hal_irda.o
LOAD ..\obj\stm32f1xx_hal_sd.o
LOAD ..\obj\sh_cmd.o
LOAD ..\obj\stm32f1xx_hal_spi.o
LOAD ..\obj\syscalls.o
LOAD ..\obj\stm32f1xx_hal_i2c.o
LOAD ..\obj\stm32f1xx_hal_msp.o
LOAD ..\obj\usb_ctrl.o
LOAD ..\obj\stm32f1xx_hal_eth.o
LOAD ..\obj\stm32f1xx_ll_fsmc.o
LOAD ..\obj\usbd_cdc.o
LOAD ..\obj\stm32f1xx_hal_rtc.o
LOAD ..\obj\stm32f1xx_hal_tim.o
LOAD ..\obj\stm32f1xx_hal_flash_ex.o
LOAD ..\obj\usbd_ctlreq.o
LOAD ..\obj\stm32f1xx_hal_pcd_ex.o
LOAD ..\obj\usbd_cdc_if.o
LOAD ..\obj\stm32f1xx_hal_nand.o
LOAD ..\obj\usbd_ioreq.o
LOAD ..\obj\stm32f1xx_hal_pccard.o
LOAD ..\obj\stm32f1xx_hal_sram.o
LOAD ..\obj\usb_device.o
LOAD ..\obj\stm32f1xx_hal_rtc_ex.o
LOAD ..\obj\stm32f1xx_hal_tim_ex.o
LOAD ..\obj\stm32f1xx_ll_sdmmc.o
LOAD c:/program files (x86)/gnu tools arm embedded/5.3 2016q1/bin/../lib/gcc/arm-none-eabi/5.3.1/../../../../arm-none-eabi/lib/armv7-m\libm.a
LOAD c:/program files (x86)/gnu tools arm embedded/5.3 2016q1/bin/../lib/gcc/arm-none-eabi/5.3.1/armv7-m\libgcc.a
LOAD c:/program files (x86)/gnu tools arm embedded/5.3 2016q1/bin/../lib/gcc/arm-none-eabi/5.3.1/../../../../arm-none-eabi/lib/armv7-m\libc.a
START GROUP
LOAD c:/program files (x86)/gnu tools arm embedded/5.3 2016q1/bin/../lib/gcc/arm-none-eabi/5.3.1/armv7-m\libgcc.a
LOAD c:/program files (x86)/gnu tools arm embedded/5.3 2016q1/bin/../lib/gcc/arm-none-eabi/5.3.1/../../../../arm-none-eabi/lib/armv7-m\libg.a
LOAD c:/program files (x86)/gnu tools arm embedded/5.3 2016q1/bin/../lib/gcc/arm-none-eabi/5.3.1/../../../../arm-none-eabi/lib/armv7-m\libc.a
END GROUP
OUTPUT(blinky.elf elf32-littlearm)

.debug_info     0x00000000     0xb65e
 .debug_info    0x00000000      0x541 ..\obj\stm32f1xx_hal_rcc_ex.o
 .debug_info    0x00000541      0x5e3 ..\obj\stm32f1xx_hal.o
 .debug_info    0x00000b24      0x904 ..\obj\stm32f1xx_it.o
 .debug_info    0x00001428      0xabf ..\obj\stm32f1xx_hal_cortex.o
 .debug_info    0x00001ee7      0x3be ..\obj\system_stm32f1xx.o
 .debug_info    0x000022a5     0x16ba ..\obj\stm32f1xx_hal_rcc.o
 .debug_info    0x0000395f      0x4e0 ..\obj\uart.o
 .debug_info    0x00003e3f      0xcb6 ..\obj\stm32f1xx_hal_pcd.o
 .debug_info    0x00004af5      0x90a ..\obj\usbd_core.o
 .debug_info    0x000053ff      0x5c1 ..\obj\main.o
 .debug_info    0x000059c0       0xac ..\obj\startup_stm32f103xb.o
 .debug_info    0x00005a6c      0xd8a ..\obj\stm32f1xx_hal_usart.o
 .debug_info    0x000067f6      0xe64 ..\obj\stm32f1xx_ll_usb.o
 .debug_info    0x0000765a      0xe28 ..\obj\printf.o
 .debug_info    0x00008482      0x5f5 ..\obj\stm32f1xx_hal_gpio.o
 .debug_info    0x00008a77     0x12ae ..\obj\usbd_conf.o
 .debug_info    0x00009d25       0x86 ..\obj\sh_cmd.o
 .debug_info    0x00009dab      0x7ce ..\obj\stm32f1xx_hal_msp.o
 .debug_info    0x0000a579      0x20f ..\obj\usb_ctrl.o
 .debug_info    0x0000a788      0x86b ..\obj\usbd_ctlreq.o
 .debug_info    0x0000aff3      0x66b ..\obj\usbd_ioreq.o

.debug_abbrev   0x00000000     0x2184
 .debug_abbrev  0x00000000      0x1eb ..\obj\stm32f1xx_hal_rcc_ex.o
 .debug_abbrev  0x000001eb      0x1f8 ..\obj\stm32f1xx_hal.o
 .debug_abbrev  0x000003e3      0x168 ..\obj\stm32f1xx_it.o
 .debug_abbrev  0x0000054b      0x270 ..\obj\stm32f1xx_hal_cortex.o
 .debug_abbrev  0x000007bb      0x122 ..\obj\system_stm32f1xx.o
 .debug_abbrev  0x000008dd      0x2a7 ..\obj\stm32f1xx_hal_rcc.o
 .debug_abbrev  0x00000b84      0x13c ..\obj\uart.o
 .debug_abbrev  0x00000cc0      0x232 ..\obj\stm32f1xx_hal_pcd.o
 .debug_abbrev  0x00000ef2      0x1bd ..\obj\usbd_core.o
 .debug_abbrev  0x000010af      0x156 ..\obj\main.o
 .debug_abbrev  0x00001205       0x12 ..\obj\startup_stm32f103xb.o
 .debug_abbrev  0x00001217      0x20c ..\obj\stm32f1xx_hal_usart.o
 .debug_abbrev  0x00001423      0x18e ..\obj\stm32f1xx_ll_usb.o
 .debug_abbrev  0x000015b1      0x251 ..\obj\printf.o
 .debug_abbrev  0x00001802      0x1ac ..\obj\stm32f1xx_hal_gpio.o
 .debug_abbrev  0x000019ae      0x25e ..\obj\usbd_conf.o
 .debug_abbrev  0x00001c0c       0x14 ..\obj\sh_cmd.o
 .debug_abbrev  0x00001c20      0x143 ..\obj\stm32f1xx_hal_msp.o
 .debug_abbrev  0x00001d63      0x107 ..\obj\usb_ctrl.o
 .debug_abbrev  0x00001e6a      0x1ed ..\obj\usbd_ctlreq.o
 .debug_abbrev  0x00002057      0x12d ..\obj\usbd_ioreq.o

.debug_aranges  0x00000000      0xaf0
 .debug_aranges
                0x00000000       0x30 ..\obj\stm32f1xx_hal_rcc_ex.o
 .debug_aranges
                0x00000030       0xb0 ..\obj\stm32f1xx_hal.o
 .debug_aranges
                0x000000e0       0x60 ..\obj\stm32f1xx_it.o
 .debug_aranges
                0x00000140      0x100 ..\obj\stm32f1xx_hal_cortex.o
 .debug_aranges
                0x00000240       0x28 ..\obj\system_stm32f1xx.o
 .debug_aranges
                0x00000268       0x88 ..\obj\stm32f1xx_hal_rcc.o
 .debug_aranges
                0x000002f0       0x28 ..\obj\uart.o
 .debug_aranges
                0x00000318      0x120 ..\obj\stm32f1xx_hal_pcd.o
 .debug_aranges
                0x00000438       0xb8 ..\obj\usbd_core.o
 .debug_aranges
                0x000004f0       0x30 ..\obj\main.o
 .debug_aranges
                0x00000520       0x28 ..\obj\startup_stm32f103xb.o
 .debug_aranges
                0x00000548      0x138 ..\obj\stm32f1xx_hal_usart.o
 .debug_aranges
                0x00000680      0x100 ..\obj\stm32f1xx_ll_usb.o
 .debug_aranges
                0x00000780       0xa0 ..\obj\printf.o
 .debug_aranges
                0x00000820       0x58 ..\obj\stm32f1xx_hal_gpio.o
 .debug_aranges
                0x00000878      0x110 ..\obj\usbd_conf.o
 .debug_aranges
                0x00000988       0x20 ..\obj\sh_cmd.o
 .debug_aranges
                0x000009a8       0x30 ..\obj\stm32f1xx_hal_msp.o
 .debug_aranges
                0x000009d8       0x40 ..\obj\usb_ctrl.o
 .debug_aranges
                0x00000a18       0x88 ..\obj\usbd_ctlreq.o
 .debug_aranges
                0x00000aa0       0x50 ..\obj\usbd_ioreq.o

.debug_ranges   0x00000000      0x998
 .debug_ranges  0x00000000       0x20 ..\obj\stm32f1xx_hal_rcc_ex.o
 .debug_ranges  0x00000020       0xa0 ..\obj\stm32f1xx_hal.o
 .debug_ranges  0x000000c0       0x50 ..\obj\stm32f1xx_it.o
 .debug_ranges  0x00000110       0xf0 ..\obj\stm32f1xx_hal_cortex.o
 .debug_ranges  0x00000200       0x18 ..\obj\system_stm32f1xx.o
 .debug_ranges  0x00000218       0x78 ..\obj\stm32f1xx_hal_rcc.o
 .debug_ranges  0x00000290       0x18 ..\obj\uart.o
 .debug_ranges  0x000002a8      0x110 ..\obj\stm32f1xx_hal_pcd.o
 .debug_ranges  0x000003b8       0xa8 ..\obj\usbd_core.o
 .debug_ranges  0x00000460       0x20 ..\obj\main.o
 .debug_ranges  0x00000480       0x20 ..\obj\startup_stm32f103xb.o
 .debug_ranges  0x000004a0      0x128 ..\obj\stm32f1xx_hal_usart.o
 .debug_ranges  0x000005c8       0xf0 ..\obj\stm32f1xx_ll_usb.o
 .debug_ranges  0x000006b8       0x90 ..\obj\printf.o
 .debug_ranges  0x00000748       0x48 ..\obj\stm32f1xx_hal_gpio.o
 .debug_ranges  0x00000790      0x100 ..\obj\usbd_conf.o
 .debug_ranges  0x00000890       0x20 ..\obj\stm32f1xx_hal_msp.o
 .debug_ranges  0x000008b0       0x30 ..\obj\usb_ctrl.o
 .debug_ranges  0x000008e0       0x78 ..\obj\usbd_ctlreq.o
 .debug_ranges  0x00000958       0x40 ..\obj\usbd_ioreq.o

.debug_line     0x00000000     0x5821
 .debug_line    0x00000000      0x3a8 ..\obj\stm32f1xx_hal_rcc_ex.o
 .debug_line    0x000003a8      0x3ab ..\obj\stm32f1xx_hal.o
 .debug_line    0x00000753      0x312 ..\obj\stm32f1xx_it.o
 .debug_line    0x00000a65      0x48c ..\obj\stm32f1xx_hal_cortex.o
 .debug_line    0x00000ef1      0x238 ..\obj\system_stm32f1xx.o
 .debug_line    0x00001129      0xd51 ..\obj\stm32f1xx_hal_rcc.o
 .debug_line    0x00001e7a      0x255 ..\obj\uart.o
 .debug_line    0x000020cf      0x74a ..\obj\stm32f1xx_hal_pcd.o
 .debug_line    0x00002819      0x3d1 ..\obj\usbd_core.o
 .debug_line    0x00002bea      0x2a1 ..\obj\main.o
 .debug_line    0x00002e8b       0xb6 ..\obj\startup_stm32f103xb.o
 .debug_line    0x00002f41      0x97f ..\obj\stm32f1xx_hal_usart.o
 .debug_line    0x000038c0      0x6c2 ..\obj\stm32f1xx_ll_usb.o
 .debug_line    0x00003f82      0x36b ..\obj\printf.o
 .debug_line    0x000042ed      0x441 ..\obj\stm32f1xx_hal_gpio.o
 .debug_line    0x0000472e      0x4f2 ..\obj\usbd_conf.o
 .debug_line    0x00004c20       0x73 ..\obj\sh_cmd.o
 .debug_line    0x00004c93      0x298 ..\obj\stm32f1xx_hal_msp.o
 .debug_line    0x00004f2b      0x25f ..\obj\usb_ctrl.o
 .debug_line    0x0000518a      0x42b ..\obj\usbd_ctlreq.o
 .debug_line    0x000055b5      0x26c ..\obj\usbd_ioreq.o

.debug_str      0x00000000     0x306d
 .debug_str     0x00000000      0x35c ..\obj\stm32f1xx_hal_rcc_ex.o
                                0x3c1 (size before relaxing)
 .debug_str     0x0000035c      0x4ee ..\obj\stm32f1xx_hal.o
                                0x708 (size before relaxing)
 .debug_str     0x0000084a      0x6b6 ..\obj\stm32f1xx_it.o
                                0x881 (size before relaxing)
 .debug_str     0x00000f00      0x30d ..\obj\stm32f1xx_hal_cortex.o
                                0x8bf (size before relaxing)
 .debug_str     0x0000120d       0x9b ..\obj\system_stm32f1xx.o
                                0x2d8 (size before relaxing)
 .debug_str     0x000012a8      0x2fe ..\obj\stm32f1xx_hal_rcc.o
                                0x5dc (size before relaxing)
 .debug_str     0x000015a6       0x3f ..\obj\uart.o
                                0x54b (size before relaxing)
 .debug_str     0x000015e5      0x3d0 ..\obj\stm32f1xx_hal_pcd.o
                                0x895 (size before relaxing)
 .debug_str     0x000019b5      0x52a ..\obj\usbd_core.o
                                0x733 (size before relaxing)
 .debug_str     0x00001edf       0x68 ..\obj\main.o
                                0x6dd (size before relaxing)
 .debug_str     0x00001f47      0x365 ..\obj\stm32f1xx_hal_usart.o
                                0x909 (size before relaxing)
 .debug_str     0x000022ac      0x2f1 ..\obj\stm32f1xx_ll_usb.o
                                0x724 (size before relaxing)
 .debug_str     0x0000259d      0x4b5 ..\obj\printf.o
                                0x654 (size before relaxing)
 .debug_str     0x00002a52      0x1a3 ..\obj\stm32f1xx_hal_gpio.o
                                0x41a (size before relaxing)
 .debug_str     0x00002bf5      0x17a ..\obj\usbd_conf.o
                                0xe8a (size before relaxing)
 .debug_str     0x00002d6f       0x3a ..\obj\stm32f1xx_hal_msp.o
                                0x8cf (size before relaxing)
 .debug_str     0x00002da9       0xa3 ..\obj\usb_ctrl.o
                                0x285 (size before relaxing)
 .debug_str     0x00002e4c      0x13f ..\obj\usbd_ctlreq.o
                                0x6b9 (size before relaxing)
 .debug_str     0x00002f8b       0xe2 ..\obj\usbd_ioreq.o
                                0x641 (size before relaxing)

.comment        0x00000000       0x6e
 .comment       0x00000000       0x6e ..\obj\stm32f1xx_hal_rcc_ex.o
                                 0x6f (size before relaxing)
 .comment       0x0000006e       0x6f ..\obj\stm32f1xx_hal.o
 .comment       0x0000006e       0x6f ..\obj\stm32f1xx_it.o
 .comment       0x0000006e       0x6f ..\obj\stm32f1xx_hal_cortex.o
 .comment       0x0000006e       0x6f ..\obj\system_stm32f1xx.o
 .comment       0x0000006e       0x6f ..\obj\stm32f1xx_hal_rcc.o
 .comment       0x0000006e       0x6f ..\obj\uart.o
 .comment       0x0000006e       0x6f ..\obj\stm32f1xx_hal_pcd.o
 .comment       0x0000006e       0x6f ..\obj\usbd_core.o
 .comment       0x0000006e       0x6f ..\obj\main.o
 .comment       0x0000006e       0x6f ..\obj\stm32f1xx_hal_usart.o
 .comment       0x0000006e       0x6f ..\obj\stm32f1xx_ll_usb.o
 .comment       0x0000006e       0x6f ..\obj\printf.o
 .comment       0x0000006e       0x6f ..\obj\stm32f1xx_hal_gpio.o
 .comment       0x0000006e       0x6f ..\obj\usbd_conf.o
 .comment       0x0000006e       0x6f ..\obj\stm32f1xx_hal_msp.o
 .comment       0x0000006e       0x6f ..\obj\usb_ctrl.o
 .comment       0x0000006e       0x6f ..\obj\usbd_ctlreq.o
 .comment       0x0000006e       0x6f ..\obj\usbd_ioreq.o

.ARM.attributes
                0x00000000       0x31
 .ARM.attributes
                0x00000000       0x33 ..\obj\stm32f1xx_hal_rcc_ex.o
 .ARM.attributes
                0x00000033       0x33 ..\obj\stm32f1xx_hal.o
 .ARM.attributes
                0x00000066       0x33 ..\obj\stm32f1xx_it.o
 .ARM.attributes
                0x00000099       0x33 ..\obj\stm32f1xx_hal_cortex.o
 .ARM.attributes
                0x000000cc       0x33 ..\obj\system_stm32f1xx.o
 .ARM.attributes
                0x000000ff       0x33 ..\obj\stm32f1xx_hal_rcc.o
 .ARM.attributes
                0x00000132       0x33 ..\obj\uart.o
 .ARM.attributes
                0x00000165       0x33 ..\obj\stm32f1xx_hal_pcd.o
 .ARM.attributes
                0x00000198       0x33 ..\obj\usbd_core.o
 .ARM.attributes
                0x000001cb       0x33 ..\obj\main.o
 .ARM.attributes
                0x000001fe       0x21 ..\obj\startup_stm32f103xb.o
 .ARM.attributes
                0x0000021f       0x33 ..\obj\stm32f1xx_hal_usart.o
 .ARM.attributes
                0x00000252       0x33 ..\obj\stm32f1xx_ll_usb.o
 .ARM.attributes
                0x00000285       0x33 ..\obj\printf.o
 .ARM.attributes
                0x000002b8       0x33 ..\obj\stm32f1xx_hal_gpio.o
 .ARM.attributes
                0x000002eb       0x33 ..\obj\usbd_conf.o
 .ARM.attributes
                0x0000031e       0x21 ..\obj\sh_cmd.o
 .ARM.attributes
                0x0000033f       0x33 ..\obj\stm32f1xx_hal_msp.o
 .ARM.attributes
                0x00000372       0x33 ..\obj\usb_ctrl.o
 .ARM.attributes
                0x000003a5       0x33 ..\obj\usbd_ctlreq.o
 .ARM.attributes
                0x000003d8       0x33 ..\obj\usbd_ioreq.o
 .ARM.attributes
                0x0000040b       0x2d c:/program files (x86)/gnu tools arm embedded/5.3 2016q1/bin/../lib/gcc/arm-none-eabi/5.3.1/../../../../arm-none-eabi/lib/armv7-m\libc.a(lib_a-impure.o)

.debug_frame    0x00000000     0x2a4c
 .debug_frame   0x00000000       0x84 ..\obj\stm32f1xx_hal_rcc_ex.o
 .debug_frame   0x00000084      0x278 ..\obj\stm32f1xx_hal.o
 .debug_frame   0x000002fc       0xfc ..\obj\stm32f1xx_it.o
 .debug_frame   0x000003f8      0x428 ..\obj\stm32f1xx_hal_cortex.o
 .debug_frame   0x00000820       0x58 ..\obj\system_stm32f1xx.o
 .debug_frame   0x00000878      0x220 ..\obj\stm32f1xx_hal_rcc.o
 .debug_frame   0x00000a98       0x50 ..\obj\uart.o
 .debug_frame   0x00000ae8      0x4fc ..\obj\stm32f1xx_hal_pcd.o
 .debug_frame   0x00000fe4      0x300 ..\obj\usbd_core.o
 .debug_frame   0x000012e4       0x78 ..\obj\main.o
 .debug_frame   0x0000135c      0x568 ..\obj\stm32f1xx_hal_usart.o
 .debug_frame   0x000018c4      0x4b0 ..\obj\stm32f1xx_ll_usb.o
 .debug_frame   0x00001d74      0x2d8 ..\obj\printf.o
 .debug_frame   0x0000204c      0x14c ..\obj\stm32f1xx_hal_gpio.o
 .debug_frame   0x00002198      0x478 ..\obj\usbd_conf.o
 .debug_frame   0x00002610       0x7c ..\obj\stm32f1xx_hal_msp.o
 .debug_frame   0x0000268c       0xa4 ..\obj\usb_ctrl.o
 .debug_frame   0x00002730      0x210 ..\obj\usbd_ctlreq.o
 .debug_frame   0x00002940      0x10c ..\obj\usbd_ioreq.o
